  Building Custom Rule C:/Users/Caleb/Software-Engineering-Term-Project/Software-Engineering-Term-Project/CMakeLists.txt
  main.cpp
  Screen.cpp
  LoginScreen.cpp
  QuestionScreen.cpp
  ResultsScreen.cpp
  Calculator.cpp
  Profiles.cpp
  Generating Code...
freetyped.lib(ftinit.c.obj) : warning LNK4099: PDB 'freetype.pdb' was not found with 'freetyped.lib(ftinit.c.obj)' or at 'C:\Users\Caleb\Software-Engineering-Term-Project\Software-Engineering-Term-Project\build\Debug\freetype.pdb'; linking object as if no debug info
freetyped.lib(ftbase.c.obj) : warning LNK4099: PDB 'freetype.pdb' was not found with 'freetyped.lib(ftbase.c.obj)' or at 'C:\Users\Caleb\Software-Engineering-Term-Project\Software-Engineering-Term-Project\build\Debug\freetype.pdb'; linking object as if no debug info
freetyped.lib(ftglyph.c.obj) : warning LNK4099: PDB 'freetype.pdb' was not found with 'freetyped.lib(ftglyph.c.obj)' or at 'C:\Users\Caleb\Software-Engineering-Term-Project\Software-Engineering-Term-Project\build\Debug\freetype.pdb'; linking object as if no debug info
freetyped.lib(ftbitmap.c.obj) : warning LNK4099: PDB 'freetype.pdb' was not found with 'freetyped.lib(ftbitmap.c.obj)' or at 'C:\Users\Caleb\Software-Engineering-Term-Project\Software-Engineering-Term-Project\build\Debug\freetype.pdb'; linking object as if no debug info
freetyped.lib(ftstroke.c.obj) : warning LNK4099: PDB 'freetype.pdb' was not found with 'freetyped.lib(ftstroke.c.obj)' or at 'C:\Users\Caleb\Software-Engineering-Term-Project\Software-Engineering-Term-Project\build\Debug\freetype.pdb'; linking object as if no debug info
freetyped.lib(autofit.c.obj) : warning LNK4099: PDB 'freetype.pdb' was not found with 'freetyped.lib(autofit.c.obj)' or at 'C:\Users\Caleb\Software-Engineering-Term-Project\Software-Engineering-Term-Project\build\Debug\freetype.pdb'; linking object as if no debug info
freetyped.lib(truetype.c.obj) : warning LNK4099: PDB 'freetype.pdb' was not found with 'freetyped.lib(truetype.c.obj)' or at 'C:\Users\Caleb\Software-Engineering-Term-Project\Software-Engineering-Term-Project\build\Debug\freetype.pdb'; linking object as if no debug info
freetyped.lib(type1.c.obj) : warning LNK4099: PDB 'freetype.pdb' was not found with 'freetyped.lib(type1.c.obj)' or at 'C:\Users\Caleb\Software-Engineering-Term-Project\Software-Engineering-Term-Project\build\Debug\freetype.pdb'; linking object as if no debug info
freetyped.lib(cff.c.obj) : warning LNK4099: PDB 'freetype.pdb' was not found with 'freetyped.lib(cff.c.obj)' or at 'C:\Users\Caleb\Software-Engineering-Term-Project\Software-Engineering-Term-Project\build\Debug\freetype.pdb'; linking object as if no debug info
freetyped.lib(type1cid.c.obj) : warning LNK4099: PDB 'freetype.pdb' was not found with 'freetyped.lib(type1cid.c.obj)' or at 'C:\Users\Caleb\Software-Engineering-Term-Project\Software-Engineering-Term-Project\build\Debug\freetype.pdb'; linking object as if no debug info
freetyped.lib(pfr.c.obj) : warning LNK4099: PDB 'freetype.pdb' was not found with 'freetyped.lib(pfr.c.obj)' or at 'C:\Users\Caleb\Software-Engineering-Term-Project\Software-Engineering-Term-Project\build\Debug\freetype.pdb'; linking object as if no debug info
freetyped.lib(type42.c.obj) : warning LNK4099: PDB 'freetype.pdb' was not found with 'freetyped.lib(type42.c.obj)' or at 'C:\Users\Caleb\Software-Engineering-Term-Project\Software-Engineering-Term-Project\build\Debug\freetype.pdb'; linking object as if no debug info
freetyped.lib(winfnt.c.obj) : warning LNK4099: PDB 'freetype.pdb' was not found with 'freetyped.lib(winfnt.c.obj)' or at 'C:\Users\Caleb\Software-Engineering-Term-Project\Software-Engineering-Term-Project\build\Debug\freetype.pdb'; linking object as if no debug info
freetyped.lib(pcf.c.obj) : warning LNK4099: PDB 'freetype.pdb' was not found with 'freetyped.lib(pcf.c.obj)' or at 'C:\Users\Caleb\Software-Engineering-Term-Project\Software-Engineering-Term-Project\build\Debug\freetype.pdb'; linking object as if no debug info
freetyped.lib(bdf.c.obj) : warning LNK4099: PDB 'freetype.pdb' was not found with 'freetyped.lib(bdf.c.obj)' or at 'C:\Users\Caleb\Software-Engineering-Term-Project\Software-Engineering-Term-Project\build\Debug\freetype.pdb'; linking object as if no debug info
freetyped.lib(psaux.c.obj) : warning LNK4099: PDB 'freetype.pdb' was not found with 'freetyped.lib(psaux.c.obj)' or at 'C:\Users\Caleb\Software-Engineering-Term-Project\Software-Engineering-Term-Project\build\Debug\freetype.pdb'; linking object as if no debug info
freetyped.lib(psnames.c.obj) : warning LNK4099: PDB 'freetype.pdb' was not found with 'freetyped.lib(psnames.c.obj)' or at 'C:\Users\Caleb\Software-Engineering-Term-Project\Software-Engineering-Term-Project\build\Debug\freetype.pdb'; linking object as if no debug info
freetyped.lib(pshinter.c.obj) : warning LNK4099: PDB 'freetype.pdb' was not found with 'freetyped.lib(pshinter.c.obj)' or at 'C:\Users\Caleb\Software-Engineering-Term-Project\Software-Engineering-Term-Project\build\Debug\freetype.pdb'; linking object as if no debug info
freetyped.lib(sfnt.c.obj) : warning LNK4099: PDB 'freetype.pdb' was not found with 'freetyped.lib(sfnt.c.obj)' or at 'C:\Users\Caleb\Software-Engineering-Term-Project\Software-Engineering-Term-Project\build\Debug\freetype.pdb'; linking object as if no debug info
freetyped.lib(smooth.c.obj) : warning LNK4099: PDB 'freetype.pdb' was not found with 'freetyped.lib(smooth.c.obj)' or at 'C:\Users\Caleb\Software-Engineering-Term-Project\Software-Engineering-Term-Project\build\Debug\freetype.pdb'; linking object as if no debug info
freetyped.lib(raster.c.obj) : warning LNK4099: PDB 'freetype.pdb' was not found with 'freetyped.lib(raster.c.obj)' or at 'C:\Users\Caleb\Software-Engineering-Term-Project\Software-Engineering-Term-Project\build\Debug\freetype.pdb'; linking object as if no debug info
freetyped.lib(sdf.c.obj) : warning LNK4099: PDB 'freetype.pdb' was not found with 'freetyped.lib(sdf.c.obj)' or at 'C:\Users\Caleb\Software-Engineering-Term-Project\Software-Engineering-Term-Project\build\Debug\freetype.pdb'; linking object as if no debug info
freetyped.lib(svg.c.obj) : warning LNK4099: PDB 'freetype.pdb' was not found with 'freetyped.lib(svg.c.obj)' or at 'C:\Users\Caleb\Software-Engineering-Term-Project\Software-Engineering-Term-Project\build\Debug\freetype.pdb'; linking object as if no debug info
freetyped.lib(ftsystem.c.obj) : warning LNK4099: PDB 'freetype.pdb' was not found with 'freetyped.lib(ftsystem.c.obj)' or at 'C:\Users\Caleb\Software-Engineering-Term-Project\Software-Engineering-Term-Project\build\Debug\freetype.pdb'; linking object as if no debug info
freetyped.lib(ftmm.c.obj) : warning LNK4099: PDB 'freetype.pdb' was not found with 'freetyped.lib(ftmm.c.obj)' or at 'C:\Users\Caleb\Software-Engineering-Term-Project\Software-Engineering-Term-Project\build\Debug\freetype.pdb'; linking object as if no debug info
freetyped.lib(ftgzip.c.obj) : warning LNK4099: PDB 'freetype.pdb' was not found with 'freetyped.lib(ftgzip.c.obj)' or at 'C:\Users\Caleb\Software-Engineering-Term-Project\Software-Engineering-Term-Project\build\Debug\freetype.pdb'; linking object as if no debug info
freetyped.lib(ftlzw.c.obj) : warning LNK4099: PDB 'freetype.pdb' was not found with 'freetyped.lib(ftlzw.c.obj)' or at 'C:\Users\Caleb\Software-Engineering-Term-Project\Software-Engineering-Term-Project\build\Debug\freetype.pdb'; linking object as if no debug info
freetyped.lib(ftdebug.c.obj) : warning LNK4099: PDB 'freetype.pdb' was not found with 'freetyped.lib(ftdebug.c.obj)' or at 'C:\Users\Caleb\Software-Engineering-Term-Project\Software-Engineering-Term-Project\build\Debug\freetype.pdb'; linking object as if no debug info
  carbonApp.vcxproj -> C:\Users\Caleb\Software-Engineering-Term-Project\Software-Engineering-Term-Project\build\Debug\carbonApp.exe
